Archive member included to satisfy reference by file (symbol)

stm32f10x_lib/libstm32.a(stm32f10x_flash.o)
                              APP/src/sys_init.o (FLASH_SetLatency)
stm32f10x_lib/libstm32.a(stm32f10x_gpio.o)
                              APP/src/sys_init.o (GPIO_Init)
stm32f10x_lib/libstm32.a(stm32f10x_nvic.o)
                              APP/src/sys_init.o (NVIC_PriorityGroupConfig)
stm32f10x_lib/libstm32.a(stm32f10x_pwr.o)
                              APP/src/sys_init.o (PWR_BackupAccessCmd)
stm32f10x_lib/libstm32.a(stm32f10x_rcc.o)
                              APP/src/sys_init.o (RCC_DeInit)
stm32f10x_lib/libstm32.a(stm32f10x_systick.o)
                              APP/src/sys_init.o (SysTick_SetReload)
stm32f10x_lib/libstm32.a(stm32f10x_usart.o)
                              APP/src/PC_Com.o (USART_DeInit)
stm32f10x_lib/libstm32.a(cortexm3_macro.o)
                              stm32f10x_lib/libstm32.a(stm32f10x_pwr.o) (__WFI)
stm32f10x_lib/libstm32.a(stm32f10x_vector.o)
                              (Reset_Handler)

Discarded input sections

 .text          0x0000000000000000        0x0 /Users/MathGrelck/arm-cs-tools/lib/gcc/arm-none-eabi/4.8.3/crti.o
 .data          0x0000000000000000        0x0 /Users/MathGrelck/arm-cs-tools/lib/gcc/arm-none-eabi/4.8.3/crti.o
 .bss           0x0000000000000000        0x0 /Users/MathGrelck/arm-cs-tools/lib/gcc/arm-none-eabi/4.8.3/crti.o
 .init          0x0000000000000000        0xc /Users/MathGrelck/arm-cs-tools/lib/gcc/arm-none-eabi/4.8.3/crti.o
 .fini          0x0000000000000000        0xc /Users/MathGrelck/arm-cs-tools/lib/gcc/arm-none-eabi/4.8.3/crti.o
 .ARM.attributes
                0x0000000000000000       0x16 /Users/MathGrelck/arm-cs-tools/lib/gcc/arm-none-eabi/4.8.3/crti.o
 .text          0x0000000000000000      0x128 /Users/MathGrelck/arm-cs-tools/lib/gcc/arm-none-eabi/4.8.3/crtbegin.o
 .data          0x0000000000000000        0x4 /Users/MathGrelck/arm-cs-tools/lib/gcc/arm-none-eabi/4.8.3/crtbegin.o
 .bss           0x0000000000000000       0x1c /Users/MathGrelck/arm-cs-tools/lib/gcc/arm-none-eabi/4.8.3/crtbegin.o
 .init_array    0x0000000000000000        0x4 /Users/MathGrelck/arm-cs-tools/lib/gcc/arm-none-eabi/4.8.3/crtbegin.o
 .fini_array    0x0000000000000000        0x4 /Users/MathGrelck/arm-cs-tools/lib/gcc/arm-none-eabi/4.8.3/crtbegin.o
 .eh_frame      0x0000000000000000        0x0 /Users/MathGrelck/arm-cs-tools/lib/gcc/arm-none-eabi/4.8.3/crtbegin.o
 .jcr           0x0000000000000000        0x0 /Users/MathGrelck/arm-cs-tools/lib/gcc/arm-none-eabi/4.8.3/crtbegin.o
 .tm_clone_table
                0x0000000000000000        0x0 /Users/MathGrelck/arm-cs-tools/lib/gcc/arm-none-eabi/4.8.3/crtbegin.o
 .comment       0x0000000000000000       0x77 /Users/MathGrelck/arm-cs-tools/lib/gcc/arm-none-eabi/4.8.3/crtbegin.o
 .ARM.attributes
                0x0000000000000000       0x30 /Users/MathGrelck/arm-cs-tools/lib/gcc/arm-none-eabi/4.8.3/crtbegin.o
 .bss           0x0000000000000000      0x110 APP/src/main.o
 .data          0x0000000000000000        0x0 APP/src/stm32f10x_it.o
 .bss           0x0000000000000000        0x0 APP/src/stm32f10x_it.o
 .data          0x0000000000000000        0x0 APP/src/sys_init.o
 .bss           0x0000000000000000        0x0 APP/src/sys_init.o
 .data          0x0000000000000000        0x0 APP/src/PC_Com.o
 .data          0x0000000000000000        0x0 APP/src/DXL.o
 .data          0x0000000000000000        0x0 stm32f10x_lib/libstm32.a(stm32f10x_flash.o)
 .bss           0x0000000000000000        0x0 stm32f10x_lib/libstm32.a(stm32f10x_flash.o)
 .data          0x0000000000000000        0x0 stm32f10x_lib/libstm32.a(stm32f10x_gpio.o)
 .bss           0x0000000000000000        0x0 stm32f10x_lib/libstm32.a(stm32f10x_gpio.o)
 .data          0x0000000000000000        0x0 stm32f10x_lib/libstm32.a(stm32f10x_nvic.o)
 .bss           0x0000000000000000        0x0 stm32f10x_lib/libstm32.a(stm32f10x_nvic.o)
 .data          0x0000000000000000        0x0 stm32f10x_lib/libstm32.a(stm32f10x_pwr.o)
 .bss           0x0000000000000000        0x0 stm32f10x_lib/libstm32.a(stm32f10x_pwr.o)
 .data          0x0000000000000000        0x0 stm32f10x_lib/libstm32.a(stm32f10x_rcc.o)
 .bss           0x0000000000000000        0x0 stm32f10x_lib/libstm32.a(stm32f10x_rcc.o)
 .data          0x0000000000000000        0x0 stm32f10x_lib/libstm32.a(stm32f10x_systick.o)
 .bss           0x0000000000000000        0x0 stm32f10x_lib/libstm32.a(stm32f10x_systick.o)
 .data          0x0000000000000000        0x0 stm32f10x_lib/libstm32.a(stm32f10x_usart.o)
 .bss           0x0000000000000000        0x0 stm32f10x_lib/libstm32.a(stm32f10x_usart.o)
 .data          0x0000000000000000        0x0 stm32f10x_lib/libstm32.a(cortexm3_macro.o)
 .bss           0x0000000000000000        0x0 stm32f10x_lib/libstm32.a(cortexm3_macro.o)
 .data          0x0000000000000000        0x0 stm32f10x_lib/libstm32.a(stm32f10x_vector.o)
 .bss           0x0000000000000000        0x0 stm32f10x_lib/libstm32.a(stm32f10x_vector.o)
 .text          0x0000000000000000        0x0 /Users/MathGrelck/arm-cs-tools/lib/gcc/arm-none-eabi/4.8.3/crtend.o
 .data          0x0000000000000000        0x0 /Users/MathGrelck/arm-cs-tools/lib/gcc/arm-none-eabi/4.8.3/crtend.o
 .bss           0x0000000000000000        0x0 /Users/MathGrelck/arm-cs-tools/lib/gcc/arm-none-eabi/4.8.3/crtend.o
 .eh_frame      0x0000000000000000        0x4 /Users/MathGrelck/arm-cs-tools/lib/gcc/arm-none-eabi/4.8.3/crtend.o
 .jcr           0x0000000000000000        0x4 /Users/MathGrelck/arm-cs-tools/lib/gcc/arm-none-eabi/4.8.3/crtend.o
 .tm_clone_table
                0x0000000000000000        0x0 /Users/MathGrelck/arm-cs-tools/lib/gcc/arm-none-eabi/4.8.3/crtend.o
 .comment       0x0000000000000000       0x77 /Users/MathGrelck/arm-cs-tools/lib/gcc/arm-none-eabi/4.8.3/crtend.o
 .ARM.attributes
                0x0000000000000000       0x30 /Users/MathGrelck/arm-cs-tools/lib/gcc/arm-none-eabi/4.8.3/crtend.o
 .text          0x0000000000000000        0x0 /Users/MathGrelck/arm-cs-tools/lib/gcc/arm-none-eabi/4.8.3/crtn.o
 .data          0x0000000000000000        0x0 /Users/MathGrelck/arm-cs-tools/lib/gcc/arm-none-eabi/4.8.3/crtn.o
 .bss           0x0000000000000000        0x0 /Users/MathGrelck/arm-cs-tools/lib/gcc/arm-none-eabi/4.8.3/crtn.o
 .init          0x0000000000000000        0xc /Users/MathGrelck/arm-cs-tools/lib/gcc/arm-none-eabi/4.8.3/crtn.o
 .fini          0x0000000000000000        0xc /Users/MathGrelck/arm-cs-tools/lib/gcc/arm-none-eabi/4.8.3/crtn.o
 .ARM.attributes
                0x0000000000000000       0x18 /Users/MathGrelck/arm-cs-tools/lib/gcc/arm-none-eabi/4.8.3/crtn.o

Memory Configuration

Name             Origin             Length             Attributes
RAM              0x0000000020000000 0x0000000000010000 xrw
FLASH            0x0000000008003000 0x000000000007d000 xr
FLASHB1          0x0000000000000000 0x0000000000000000 xr
EXTMEMB0         0x0000000000000000 0x0000000000000000 xr
EXTMEMB1         0x0000000000000000 0x0000000000000000 xr
EXTMEMB2         0x0000000000000000 0x0000000000000000 xr
EXTMEMB3         0x0000000000000000 0x0000000000000000 xr
*default*        0x0000000000000000 0xffffffffffffffff

Linker script and memory map

LOAD /Users/MathGrelck/arm-cs-tools/lib/gcc/arm-none-eabi/4.8.3/crti.o
LOAD /Users/MathGrelck/arm-cs-tools/lib/gcc/arm-none-eabi/4.8.3/crtbegin.o
LOAD APP/src/main.o
LOAD APP/src/stm32f10x_it.o
LOAD APP/src/sys_init.o
LOAD APP/src/PC_Com.o
LOAD APP/src/DXL.o
LOAD stm32f10x_lib/libstm32.a
START GROUP
LOAD /Users/MathGrelck/arm-cs-tools/lib/gcc/arm-none-eabi/4.8.3/libgcc.a
LOAD /Users/MathGrelck/arm-cs-tools/lib/gcc/arm-none-eabi/4.8.3/../../../../arm-none-eabi/lib/libc.a
END GROUP
LOAD /Users/MathGrelck/arm-cs-tools/lib/gcc/arm-none-eabi/4.8.3/crtend.o
LOAD /Users/MathGrelck/arm-cs-tools/lib/gcc/arm-none-eabi/4.8.3/crtn.o
                0x0000000000000400                __Stack_Size = 0x400
                0x0000000000000400                PROVIDE (_Stack_Size, __Stack_Size)
                0x000000002000fc00                __Stack_Init = (_estack - __Stack_Size)
                0x000000002000fc00                PROVIDE (_Stack_Init, __Stack_Init)
                0x0000000000000100                _Minimum_Stack_Size = 0x100
                0x0000000000000000                PROVIDE (Undefined_Handler, 0x0)
                0x0000000000000000                PROVIDE (SWI_Handler, 0x0)
                0x0000000000000000                PROVIDE (IRQ_Handler, 0x0)
                0x0000000000000000                PROVIDE (Prefetch_Handler, 0x0)
                0x0000000000000000                PROVIDE (Abort_Handler, 0x0)
                0x0000000000000000                PROVIDE (FIQ_Handler, 0x0)
                0x0000000000000000                PROVIDE (NMIException, 0x0)
                0x0000000000000000                PROVIDE (HardFaultException, 0x0)
                0x0000000000000000                PROVIDE (MemManageException, 0x0)
                0x0000000000000000                PROVIDE (BusFaultException, 0x0)
                0x0000000000000000                PROVIDE (UsageFaultException, 0x0)
                0x0000000000000000                PROVIDE (SVCHandler, 0x0)
                0x0000000000000000                PROVIDE (DebugMonitor, 0x0)
                0x0000000000000000                PROVIDE (PendSVC, 0x0)
                0x0000000000000000                PROVIDE (SysTickHandler, 0x0)
                0x0000000000000000                PROVIDE (WWDG_IRQHandler, 0x0)
                0x0000000000000000                PROVIDE (PVD_IRQHandler, 0x0)
                0x0000000000000000                PROVIDE (TAMPER_IRQHandler, 0x0)
                0x0000000000000000                PROVIDE (RTC_IRQHandler, 0x0)
                0x0000000000000000                PROVIDE (FLASH_IRQHandler, 0x0)
                0x0000000000000000                PROVIDE (RCC_IRQHandler, 0x0)
                0x0000000000000000                PROVIDE (EXTI0_IRQHandler, 0x0)
                0x0000000000000000                PROVIDE (EXTI1_IRQHandler, 0x0)
                0x0000000000000000                PROVIDE (EXTI2_IRQHandler, 0x0)
                0x0000000000000000                PROVIDE (EXTI3_IRQHandler, 0x0)
                0x0000000000000000                PROVIDE (EXTI4_IRQHandler, 0x0)
                0x0000000000000000                PROVIDE (DMAChannel1_IRQHandler, 0x0)
                0x0000000000000000                PROVIDE (DMAChannel2_IRQHandler, 0x0)
                0x0000000000000000                PROVIDE (DMAChannel3_IRQHandler, 0x0)
                0x0000000000000000                PROVIDE (DMAChannel4_IRQHandler, 0x0)
                0x0000000000000000                PROVIDE (DMAChannel5_IRQHandler, 0x0)
                0x0000000000000000                PROVIDE (DMAChannel6_IRQHandler, 0x0)
                0x0000000000000000                PROVIDE (DMAChannel7_IRQHandler, 0x0)
                0x0000000000000000                PROVIDE (ADC_IRQHandler, 0x0)
                0x0000000000000000                PROVIDE (USB_HP_CAN_TX_IRQHandler, 0x0)
                0x0000000000000000                PROVIDE (USB_LP_CAN_RX0_IRQHandler, 0x0)
                0x0000000000000000                PROVIDE (CAN_RX1_IRQHandler, 0x0)
                0x0000000000000000                PROVIDE (CAN_SCE_IRQHandler, 0x0)
                0x0000000000000000                PROVIDE (EXTI9_5_IRQHandler, 0x0)
                0x0000000000000000                PROVIDE (TIM1_BRK_IRQHandler, 0x0)
                0x0000000000000000                PROVIDE (TIM1_UP_IRQHandler, 0x0)
                0x0000000000000000                PROVIDE (TIM1_TRG_COM_IRQHandler, 0x0)
                0x0000000000000000                PROVIDE (TIM1_CC_IRQHandler, 0x0)
                0x0000000000000000                PROVIDE (TIM2_IRQHandler, 0x0)
                0x0000000000000000                PROVIDE (TIM3_IRQHandler, 0x0)
                0x0000000000000000                PROVIDE (TIM4_IRQHandler, 0x0)
                0x0000000000000000                PROVIDE (I2C1_EV_IRQHandler, 0x0)
                0x0000000000000000                PROVIDE (I2C1_ER_IRQHandler, 0x0)
                0x0000000000000000                PROVIDE (I2C2_EV_IRQHandler, 0x0)
                0x0000000000000000                PROVIDE (I2C2_ER_IRQHandler, 0x0)
                0x0000000000000000                PROVIDE (SPI1_IRQHandler, 0x0)
                0x0000000000000000                PROVIDE (SPI2_IRQHandler, 0x0)
                0x0000000000000000                PROVIDE (USART1_IRQHandler, 0x0)
                0x0000000000000000                PROVIDE (USART2_IRQHandler, 0x0)
                0x0000000000000000                PROVIDE (USART3_IRQHandler, 0x0)
                0x0000000000000000                PROVIDE (EXTI15_10_IRQHandler, 0x0)
                0x0000000000000000                PROVIDE (RTCAlarm_IRQHandler, 0x0)
                0x0000000000000000                PROVIDE (USBWakeUp_IRQHandler, 0x0)
                0x0000000042000000                PERIPH_BB_BASE = 0x42000000
                0x0000000022000000                SRAM_BB_BASE = 0x22000000
                0x0000000020000000                SRAM_BASE = 0x20000000
                0x0000000040000000                PERIPH_BASE = 0x40000000
                0x0000000040022000                PROVIDE (FLASH_BASE, 0x40022000)
                0x000000001ffff800                PROVIDE (OB_BASE, 0x1ffff800)
                0x0000000040000000                APB1PERIPH_BASE = PERIPH_BASE
                0x0000000040010000                APB2PERIPH_BASE = (PERIPH_BASE + 0x10000)
                0x0000000040020000                AHBPERIPH_BASE = (PERIPH_BASE + 0x20000)
                0x0000000040000000                PROVIDE (TIM2, (APB1PERIPH_BASE + 0x0))
                0x0000000040000400                PROVIDE (TIM3, (APB1PERIPH_BASE + 0x400))
                0x0000000040000800                PROVIDE (TIM4, (APB1PERIPH_BASE + 0x800))
                0x0000000040002800                PROVIDE (RTC, (APB1PERIPH_BASE + 0x2800))
                0x0000000040002c00                PROVIDE (WWDG, (APB1PERIPH_BASE + 0x2c00))
                0x0000000040003000                PROVIDE (IWDG, (APB1PERIPH_BASE + 0x3000))
                0x0000000040003800                PROVIDE (SPI2, (APB1PERIPH_BASE + 0x3800))
                0x0000000040004400                PROVIDE (USART2, (APB1PERIPH_BASE + 0x4400))
                0x0000000040004800                PROVIDE (USART3, (APB1PERIPH_BASE + 0x4800))
                0x0000000040005400                PROVIDE (I2C1, (APB1PERIPH_BASE + 0x5400))
                0x0000000040005800                PROVIDE (I2C2, (APB1PERIPH_BASE + 0x5800))
                0x0000000040006400                PROVIDE (CAN, (APB1PERIPH_BASE + 0x6400))
                0x0000000040006c00                PROVIDE (BKP, (APB1PERIPH_BASE + 0x6c00))
                0x0000000040007000                PROVIDE (PWR, (APB1PERIPH_BASE + 0x7000))
                0x0000000040010000                PROVIDE (AFIO, (APB2PERIPH_BASE + 0x0))
                0x0000000040010400                PROVIDE (EXTI, (APB2PERIPH_BASE + 0x400))
                0x0000000040010800                PROVIDE (GPIOA, (APB2PERIPH_BASE + 0x800))
                0x0000000040010c00                PROVIDE (GPIOB, (APB2PERIPH_BASE + 0xc00))
                0x0000000040011000                PROVIDE (GPIOC, (APB2PERIPH_BASE + 0x1000))
                0x0000000040011400                PROVIDE (GPIOD, (APB2PERIPH_BASE + 0x1400))
                0x0000000040011800                PROVIDE (GPIOE, (APB2PERIPH_BASE + 0x1800))
                0x0000000040012400                PROVIDE (ADC1, (APB2PERIPH_BASE + 0x2400))
                0x0000000040012800                PROVIDE (ADC2, (APB2PERIPH_BASE + 0x2800))
                0x0000000040012c00                PROVIDE (TIM1, (APB2PERIPH_BASE + 0x2c00))
                0x0000000040013000                PROVIDE (SPI1, (APB2PERIPH_BASE + 0x3000))
                0x0000000040013800                PROVIDE (USART1, (APB2PERIPH_BASE + 0x3800))
                0x0000000040020000                PROVIDE (DMA, (AHBPERIPH_BASE + 0x0))
                0x0000000040020008                PROVIDE (DMA_Channel1, (AHBPERIPH_BASE + 0x8))
                0x000000004002001c                PROVIDE (DMA_Channel2, (AHBPERIPH_BASE + 0x1c))
                0x0000000040020030                PROVIDE (DMA_Channel3, (AHBPERIPH_BASE + 0x30))
                0x0000000040020044                PROVIDE (DMA_Channel4, (AHBPERIPH_BASE + 0x44))
                0x0000000040020058                PROVIDE (DMA_Channel5, (AHBPERIPH_BASE + 0x58))
                0x000000004002006c                PROVIDE (DMA_Channel6, (AHBPERIPH_BASE + 0x6c))
                0x0000000040020080                PROVIDE (DMA_Channel7, (AHBPERIPH_BASE + 0x80))
                0x0000000040021000                PROVIDE (RCC, (AHBPERIPH_BASE + 0x1000))
                0x00000000e000e000                SCS_BASE = 0xe000e000
                0x00000000e000e010                PROVIDE (SysTick, (SCS_BASE + 0x10))
                0x00000000e000e100                PROVIDE (NVIC, (SCS_BASE + 0x100))
                0x00000000e000ed00                PROVIDE (SCB, (SCS_BASE + 0xd00))
                0x0000000020010000                _estack = 0x20010000

.isr_vector     0x0000000008003000      0x134
                0x0000000008003000                . = ALIGN (0x4)
 *(.isr_vector)
 .isr_vector    0x0000000008003000      0x134 stm32f10x_lib/libstm32.a(stm32f10x_vector.o)
                0x0000000008003000                g_pfnVectors
                0x0000000008003134                . = ALIGN (0x4)

.flashtext      0x0000000008003134        0x0
                0x0000000008003134                . = ALIGN (0x4)
 *(.flashtext)
                0x0000000008003134                . = ALIGN (0x4)

.text           0x0000000008003134     0x1818
                0x0000000008003134                . = ALIGN (0x4)
 *(.text)
 .text          0x0000000008003134       0x14 APP/src/main.o
                0x0000000008003134                __ISR_DELAY
 .text          0x0000000008003148       0x8e APP/src/stm32f10x_it.o
                0x0000000008003148                NMIException
                0x000000000800314a                HardFaultException
                0x000000000800314c                MemManageException
                0x000000000800314e                BusFaultException
                0x0000000008003150                UsageFaultException
                0x0000000008003152                DebugMonitor
                0x0000000008003154                SVCHandler
                0x0000000008003156                PendSVC
                0x0000000008003158                SysTickHandler
                0x000000000800315c                WWDG_IRQHandler
                0x000000000800315e                PVD_IRQHandler
                0x0000000008003160                TAMPER_IRQHandler
                0x0000000008003162                RTC_IRQHandler
                0x0000000008003164                FLASH_IRQHandler
                0x0000000008003166                RCC_IRQHandler
                0x0000000008003168                EXTI0_IRQHandler
                0x000000000800316a                EXTI1_IRQHandler
                0x000000000800316c                EXTI2_IRQHandler
                0x000000000800316e                EXTI3_IRQHandler
                0x0000000008003170                EXTI4_IRQHandler
                0x0000000008003172                DMA1_Channel1_IRQHandler
                0x0000000008003174                DMA1_Channel2_IRQHandler
                0x0000000008003176                DMA1_Channel3_IRQHandler
                0x0000000008003178                DMA1_Channel4_IRQHandler
                0x000000000800317a                DMA1_Channel5_IRQHandler
                0x000000000800317c                DMA1_Channel6_IRQHandler
                0x000000000800317e                DMA1_Channel7_IRQHandler
                0x0000000008003180                ADC1_2_IRQHandler
                0x0000000008003182                USB_HP_CAN_TX_IRQHandler
                0x0000000008003184                USB_LP_CAN_RX0_IRQHandler
                0x0000000008003186                CAN_RX1_IRQHandler
                0x0000000008003188                CAN_SCE_IRQHandler
                0x000000000800318a                EXTI9_5_IRQHandler
                0x000000000800318c                TIM1_BRK_IRQHandler
                0x000000000800318e                TIM1_UP_IRQHandler
                0x0000000008003190                TIM1_TRG_COM_IRQHandler
                0x0000000008003192                TIM1_CC_IRQHandler
                0x0000000008003194                TIM2_IRQHandler
                0x0000000008003196                TIM3_IRQHandler
                0x0000000008003198                TIM4_IRQHandler
                0x000000000800319a                I2C1_EV_IRQHandler
                0x000000000800319c                I2C1_ER_IRQHandler
                0x000000000800319e                I2C2_EV_IRQHandler
                0x00000000080031a0                I2C2_ER_IRQHandler
                0x00000000080031a2                SPI1_IRQHandler
                0x00000000080031a4                SPI2_IRQHandler
                0x00000000080031a6                USART1_IRQHandler
                0x00000000080031aa                USART2_IRQHandler
                0x00000000080031ac                USART3_IRQHandler
                0x00000000080031ae                EXTI15_10_IRQHandler
                0x00000000080031b0                RTCAlarm_IRQHandler
                0x00000000080031b2                USBWakeUp_IRQHandler
                0x00000000080031b4                TIM8_BRK_IRQHandler
                0x00000000080031b6                TIM8_UP_IRQHandler
                0x00000000080031b8                TIM8_TRG_COM_IRQHandler
                0x00000000080031ba                TIM8_CC_IRQHandler
                0x00000000080031bc                ADC3_IRQHandler
                0x00000000080031be                FSMC_IRQHandler
                0x00000000080031c0                SDIO_IRQHandler
                0x00000000080031c2                TIM5_IRQHandler
                0x00000000080031c4                SPI3_IRQHandler
                0x00000000080031c6                UART4_IRQHandler
                0x00000000080031c8                UART5_IRQHandler
                0x00000000080031ca                TIM6_IRQHandler
                0x00000000080031cc                TIM7_IRQHandler
                0x00000000080031ce                DMA2_Channel1_IRQHandler
                0x00000000080031d0                DMA2_Channel2_IRQHandler
                0x00000000080031d2                DMA2_Channel3_IRQHandler
                0x00000000080031d4                DMA2_Channel4_5_IRQHandler
 *fill*         0x00000000080031d6        0x2 
 .text          0x00000000080031d8      0x16c APP/src/sys_init.o
                0x00000000080031d8                RCC_Configuration
                0x000000000800325c                NVIC_Configuration
                0x00000000080032aa                GPIO_Configuration
                0x0000000008003330                SysTick_Configuration
 .text          0x0000000008003344       0xf8 APP/src/PC_Com.o
                0x0000000008003344                TxDByte_PC
                0x0000000008003360                TxDString
                0x0000000008003372                TxArray
                0x000000000800338a                uDelay
                0x00000000080033b4                mDelay
                0x00000000080033be                USART_Configuration
 .text          0x000000000800343c      0x180 APP/src/DXL.o
                0x000000000800343c                DXL_TX
                0x0000000008003480                DXL_send_word
                0x00000000080034dc                DXL_read_byte
                0x0000000008003530                DXL_RX_interrupt
                0x0000000008003560                USARTConfiguration
                0x00000000080035b8                DXL_init
 .text          0x00000000080035bc      0x478 stm32f10x_lib/libstm32.a(stm32f10x_flash.o)
                0x00000000080035bc                FLASH_SetLatency
                0x00000000080035d4                FLASH_HalfCycleAccessCmd
                0x00000000080035ec                FLASH_PrefetchBufferCmd
                0x0000000008003604                FLASH_Unlock
                0x000000000800361c                FLASH_Lock
                0x000000000800362c                FLASH_GetUserOptionByte
                0x0000000008003638                FLASH_GetWriteProtectionOptionByte
                0x0000000008003644                FLASH_GetReadOutProtectionStatus
                0x0000000008003654                FLASH_GetPrefetchBufferStatus
                0x0000000008003664                FLASH_ITConfig
                0x000000000800367c                FLASH_GetFlagStatus
                0x000000000800369c                FLASH_ClearFlag
                0x00000000080036a8                FLASH_GetStatus
                0x00000000080036d0                FLASH_WaitForLastOperation
                0x0000000008003708                FLASH_ErasePage
                0x0000000008003748                FLASH_EraseAllPages
                0x0000000008003784                FLASH_EraseOptionBytes
                0x00000000080037f4                FLASH_ProgramWord
                0x000000000800383c                FLASH_ProgramHalfWord
                0x0000000008003874                FLASH_ProgramOptionByteData
                0x00000000080038b8                FLASH_EnableWriteProtection
                0x0000000008003954                FLASH_ReadOutProtection
                0x00000000080039e0                FLASH_UserOptionByteConfig
 .text          0x0000000008003a34      0x264 stm32f10x_lib/libstm32.a(stm32f10x_gpio.o)
                0x0000000008003a34                GPIO_DeInit
                0x0000000008003ad8                GPIO_AFIODeInit
                0x0000000008003aee                GPIO_Init
                0x0000000008003b96                GPIO_StructInit
                0x0000000008003ba6                GPIO_ReadInputDataBit
                0x0000000008003bb2                GPIO_ReadInputData
                0x0000000008003bb8                GPIO_ReadOutputDataBit
                0x0000000008003bc4                GPIO_ReadOutputData
                0x0000000008003bca                GPIO_SetBits
                0x0000000008003bce                GPIO_ResetBits
                0x0000000008003bd2                GPIO_WriteBit
                0x0000000008003bdc                GPIO_Write
                0x0000000008003be0                GPIO_PinLockConfig
                0x0000000008003bf0                GPIO_EventOutputConfig
                0x0000000008003c0c                GPIO_EventOutputCmd
                0x0000000008003c18                GPIO_PinRemapConfig
                0x0000000008003c6c                GPIO_EXTILineConfig
 .text          0x0000000008003c98      0x320 stm32f10x_lib/libstm32.a(stm32f10x_nvic.o)
                0x0000000008003c98                NVIC_DeInit
                0x0000000008003ccc                NVIC_SCBDeInit
                0x0000000008003cfc                NVIC_PriorityGroupConfig
                0x0000000008003d10                NVIC_Init
                0x0000000008003d90                NVIC_StructInit
                0x0000000008003d9c                NVIC_SETPRIMASK
                0x0000000008003da0                NVIC_RESETPRIMASK
                0x0000000008003da4                NVIC_SETFAULTMASK
                0x0000000008003da8                NVIC_RESETFAULTMASK
                0x0000000008003dac                NVIC_BASEPRICONFIG
                0x0000000008003db2                NVIC_GetBASEPRI
                0x0000000008003db6                NVIC_GetCurrentPendingIRQChannel
                0x0000000008003dc4                NVIC_GetIRQChannelPendingBitStatus
                0x0000000008003de8                NVIC_SetIRQChannelPendingBit
                0x0000000008003df4                NVIC_ClearIRQChannelPendingBit
                0x0000000008003e10                NVIC_GetCurrentActiveHandler
                0x0000000008003e20                NVIC_GetIRQChannelActiveBitStatus
                0x0000000008003e44                NVIC_GetCPUID
                0x0000000008003e50                NVIC_SetVectorTable
                0x0000000008003e64                NVIC_GenerateSystemReset
                0x0000000008003e74                NVIC_GenerateCoreReset
                0x0000000008003e84                NVIC_SystemLPConfig
                0x0000000008003e9c                NVIC_SystemHandlerConfig
                0x0000000008003ebc                NVIC_SystemHandlerPriorityConfig
                0x0000000008003f08                NVIC_GetSystemHandlerPendingBitStatus
                0x0000000008003f24                NVIC_SetSystemHandlerPendingBit
                0x0000000008003f3c                NVIC_ClearSystemHandlerPendingBit
                0x0000000008003f58                NVIC_GetSystemHandlerActiveBitStatus
                0x0000000008003f74                NVIC_GetFaultHandlerSources
                0x0000000008003fa4                NVIC_GetFaultAddress
 .text          0x0000000008003fb8       0xc8 stm32f10x_lib/libstm32.a(stm32f10x_pwr.o)
                0x0000000008003fb8                PWR_DeInit
                0x0000000008003fd2                PWR_BackupAccessCmd
                0x0000000008003fdc                PWR_PVDCmd
                0x0000000008003fe8                PWR_PVDLevelConfig
                0x0000000008003ffc                PWR_WakeUpPinCmd
                0x0000000008004008                PWR_EnterSTOPMode
                0x0000000008004034                PWR_EnterSTANDBYMode
                0x000000000800405c                PWR_GetFlagStatus
                0x0000000008004070                PWR_ClearFlag
 .text          0x0000000008004080      0x340 stm32f10x_lib/libstm32.a(stm32f10x_rcc.o)
                0x0000000008004080                RCC_DeInit
                0x00000000080040bc                RCC_HSEConfig
                0x00000000080040f4                RCC_AdjustHSICalibrationValue
                0x0000000008004108                RCC_HSICmd
                0x0000000008004114                RCC_PLLConfig
                0x0000000008004128                RCC_PLLCmd
                0x0000000008004134                RCC_SYSCLKConfig
                0x0000000008004148                RCC_GetSYSCLKSource
                0x0000000008004158                RCC_HCLKConfig
                0x000000000800416c                RCC_PCLK1Config
                0x0000000008004180                RCC_PCLK2Config
                0x0000000008004194                RCC_ITConfig
                0x00000000080041ac                RCC_USBCLKConfig
                0x00000000080041b8                RCC_ADCCLKConfig
                0x00000000080041cc                RCC_LSEConfig
                0x00000000080041ec                RCC_LSICmd
                0x00000000080041f8                RCC_RTCCLKConfig
                0x0000000008004208                RCC_RTCCLKCmd
                0x0000000008004214                RCC_GetClocksFreq
                0x000000000800429c                RCC_AHBPeriphClockCmd
                0x00000000080042b4                RCC_APB2PeriphClockCmd
                0x00000000080042cc                RCC_APB1PeriphClockCmd
                0x00000000080042e4                RCC_APB2PeriphResetCmd
                0x00000000080042fc                RCC_APB1PeriphResetCmd
                0x0000000008004314                RCC_BackupResetCmd
                0x0000000008004320                RCC_ClockSecuritySystemCmd
                0x000000000800432c                RCC_MCOConfig
                0x0000000008004338                RCC_GetFlagStatus
                0x0000000008004360                RCC_WaitForHSEStartUp
                0x000000000800438e                RCC_ClearFlag
                0x00000000080043a0                RCC_GetITStatus
                0x00000000080043b4                RCC_ClearITPendingBit
 .text          0x00000000080043c0       0x8c stm32f10x_lib/libstm32.a(stm32f10x_systick.o)
                0x00000000080043c0                SysTick_CLKSourceConfig
                0x00000000080043d8                SysTick_SetReload
                0x00000000080043e4                SysTick_CounterCmd
                0x000000000800440c                SysTick_ITConfig
                0x0000000008004424                SysTick_GetCounter
                0x0000000008004430                SysTick_GetFlagStatus
 .text          0x000000000800444c      0x344 stm32f10x_lib/libstm32.a(stm32f10x_usart.o)
                0x000000000800444c                USART_DeInit
                0x00000000080044e0                USART_Init
                0x0000000008004568                USART_StructInit
                0x000000000800457e                USART_ClockInit
                0x000000000800459e                USART_ClockStructInit
                0x00000000080045aa                USART_Cmd
                0x00000000080045c2                USART_ITConfig
                0x00000000080045f2                USART_DMACmd
                0x0000000008004604                USART_SetAddress
                0x000000000800461a                USART_WakeUpConfig
                0x0000000008004630                USART_ReceiverWakeUpCmd
                0x0000000008004648                USART_LINBreakDetectLengthConfig
                0x000000000800465e                USART_LINCmd
                0x0000000008004676                USART_SendData
                0x000000000800467e                USART_ReceiveData
                0x0000000008004686                USART_SendBreak
                0x0000000008004692                USART_SetGuardTime
                0x00000000080046a4                USART_SetPrescaler
                0x00000000080046b6                USART_SmartCardCmd
                0x00000000080046ce                USART_SmartCardNACKCmd
                0x00000000080046e6                USART_HalfDuplexCmd
                0x00000000080046fe                USART_IrDAConfig
                0x0000000008004714                USART_IrDACmd
                0x000000000800472c                USART_GetFlagStatus
                0x0000000008004738                USART_ClearFlag
                0x0000000008004740                USART_GetITStatus
                0x0000000008004780                USART_ClearITPendingBit
 .text          0x0000000008004790       0x6e stm32f10x_lib/libstm32.a(cortexm3_macro.o)
                0x0000000008004790                __WFI
                0x0000000008004794                __WFE
                0x0000000008004798                __SEV
                0x000000000800479c                __ISB
                0x00000000080047a2                __DSB
                0x00000000080047a8                __DMB
                0x00000000080047ae                __SVC
                0x00000000080047b2                __MRS_CONTROL
                0x00000000080047b8                __MSR_CONTROL
                0x00000000080047c2                __MRS_PSP
                0x00000000080047c8                __MSR_PSP
                0x00000000080047ce                __MRS_MSP
                0x00000000080047d4                __MSR_MSP
                0x00000000080047da                __SETPRIMASK
                0x00000000080047de                __RESETPRIMASK
                0x00000000080047e2                __SETFAULTMASK
                0x00000000080047e6                __RESETFAULTMASK
                0x00000000080047ea                __BASEPRICONFIG
                0x00000000080047f0                __GetBASEPRI
                0x00000000080047f6                __REV_HalfWord
                0x00000000080047fa                __REV_Word
 *fill*         0x00000000080047fe        0x2 
 .text          0x0000000008004800       0x50 stm32f10x_lib/libstm32.a(stm32f10x_vector.o)
                0x0000000008004800                Reset_Handler
 *(.text.*)
 .text.startup  0x0000000008004850       0xd0 APP/src/main.o
                0x0000000008004850                main
 *(.rodata)
 .rodata        0x0000000008004920       0x14 stm32f10x_lib/libstm32.a(stm32f10x_rcc.o)
 *(.rodata*)
 .rodata.str1.1
                0x0000000008004934       0x18 APP/src/main.o
                                         0x1c (size before relaxing)
 *(.glue_7)
 .glue_7        0x0000000000000000        0x0 linker stubs
 *(.glue_7t)
 .glue_7t       0x0000000000000000        0x0 linker stubs
                0x000000000800494c                . = ALIGN (0x4)
                0x000000000800494c                _etext = .
                0x000000000800494c                _sidata = _etext

.vfp11_veneer   0x000000000800494c        0x0
 .vfp11_veneer  0x0000000000000000        0x0 linker stubs

.v4_bx          0x000000000800494c        0x0
 .v4_bx         0x0000000000000000        0x0 linker stubs

.iplt           0x000000000800494c        0x0
 .iplt          0x0000000000000000        0x0 /Users/MathGrelck/arm-cs-tools/lib/gcc/arm-none-eabi/4.8.3/crtbegin.o

.rel.dyn        0x000000000800494c        0x0
 .rel.iplt      0x0000000000000000        0x0 /Users/MathGrelck/arm-cs-tools/lib/gcc/arm-none-eabi/4.8.3/crtbegin.o

.data           0x0000000020000000       0x10 load address 0x000000000800494c
                0x0000000020000000                . = ALIGN (0x4)
                0x0000000020000000                _sdata = .
 *(.data)
 .data          0x0000000020000000       0x10 APP/src/main.o
                0x0000000020000000                Baudrate_PC
                0x0000000020000004                id
                0x0000000020000006                GoalPos
                0x000000002000000c                Baudrate_DXL
 *(.data.*)
                0x0000000020000010                . = ALIGN (0x4)
                0x0000000020000010                _edata = .

.igot.plt       0x0000000020000010        0x0 load address 0x000000000800495c
 .igot.plt      0x0000000000000000        0x0 /Users/MathGrelck/arm-cs-tools/lib/gcc/arm-none-eabi/4.8.3/crtbegin.o

.bss            0x0000000020000010       0x30 load address 0x000000000800495c
                0x0000000020000010                . = ALIGN (0x4)
                0x0000000020000010                _sbss = .
 *(.bss)
 .bss           0x0000000020000010        0x8 APP/src/PC_Com.o
                0x0000000020000010                gwTimingDelay
                0x0000000020000014                gw1msCounter
 .bss           0x0000000020000018       0x28 APP/src/DXL.o
                0x0000000020000018                DXL_TX_com_buf
                0x0000000020000028                DXL_RX_buff_index
                0x000000002000002c                DXL_RX_com_buf
                0x000000002000003c                DXL_TX_buff_index
 *(COMMON)
                0x0000000020000040                . = ALIGN (0x4)
                0x0000000020000040                _ebss = .
                0x0000000020000040                PROVIDE (end, _ebss)
                0x0000000020000040                PROVIDE (_end, _ebss)

._usrstack      0x0000000020000040      0x100 load address 0x000000000800498c
                0x0000000020000040                . = ALIGN (0x4)
                0x0000000020000040                _susrstack = .
                0x0000000020000140                . = (. + _Minimum_Stack_Size)
 *fill*         0x0000000020000040      0x100 
                0x0000000020000140                . = ALIGN (0x4)
                0x0000000020000140                _eusrstack = .

.b1text
 *(.b1text)
 *(.b1rodata)
 *(.b1rodata*)

.eb0text
 *(.eb0text)
 *(.eb0rodata)
 *(.eb0rodata*)

.eb1text
 *(.eb1text)
 *(.eb1rodata)
 *(.eb1rodata*)

.eb2text
 *(.eb2text)
 *(.eb2rodata)
 *(.eb2rodata*)

.eb3text
 *(.eb3text)
 *(.eb3rodata)
 *(.eb3rodata*)
                0x0000000020000140                __exidx_start = .
                0x0000000020000140                __exidx_end = .

/DISCARD/
 libc.a(*)
 libm.a(*)
 libgcc.a(*)

.stab
 *(.stab)

.stabstr
 *(.stabstr)

.stab.excl
 *(.stab.excl)

.stab.exclstr
 *(.stab.exclstr)

.stab.index
 *(.stab.index)

.stab.indexstr
 *(.stab.indexstr)

.comment        0x0000000000000000       0x76
 *(.comment)
 .comment       0x0000000000000000       0x76 APP/src/main.o
                                         0x77 (size before relaxing)
 .comment       0x0000000000000000       0x77 APP/src/stm32f10x_it.o
 .comment       0x0000000000000000       0x77 APP/src/sys_init.o
 .comment       0x0000000000000000       0x77 APP/src/PC_Com.o
 .comment       0x0000000000000000       0x77 APP/src/DXL.o
 .comment       0x0000000000000000       0x77 stm32f10x_lib/libstm32.a(stm32f10x_flash.o)
 .comment       0x0000000000000000       0x77 stm32f10x_lib/libstm32.a(stm32f10x_gpio.o)
 .comment       0x0000000000000000       0x77 stm32f10x_lib/libstm32.a(stm32f10x_nvic.o)
 .comment       0x0000000000000000       0x77 stm32f10x_lib/libstm32.a(stm32f10x_pwr.o)
 .comment       0x0000000000000000       0x77 stm32f10x_lib/libstm32.a(stm32f10x_rcc.o)
 .comment       0x0000000000000000       0x77 stm32f10x_lib/libstm32.a(stm32f10x_systick.o)
 .comment       0x0000000000000000       0x77 stm32f10x_lib/libstm32.a(stm32f10x_usart.o)
 .comment       0x0000000000000000       0x77 stm32f10x_lib/libstm32.a(stm32f10x_vector.o)

.ARM.attributes
                0x0000000000000000       0x31
 .ARM.attributes
                0x0000000000000000       0x33 APP/src/main.o
 .ARM.attributes
                0x0000000000000033       0x33 APP/src/stm32f10x_it.o
 .ARM.attributes
                0x0000000000000066       0x33 APP/src/sys_init.o
 .ARM.attributes
                0x0000000000000099       0x33 APP/src/PC_Com.o
 .ARM.attributes
                0x00000000000000cc       0x33 APP/src/DXL.o
 .ARM.attributes
                0x00000000000000ff       0x33 stm32f10x_lib/libstm32.a(stm32f10x_flash.o)
 .ARM.attributes
                0x0000000000000132       0x33 stm32f10x_lib/libstm32.a(stm32f10x_gpio.o)
 .ARM.attributes
                0x0000000000000165       0x33 stm32f10x_lib/libstm32.a(stm32f10x_nvic.o)
 .ARM.attributes
                0x0000000000000198       0x33 stm32f10x_lib/libstm32.a(stm32f10x_pwr.o)
 .ARM.attributes
                0x00000000000001cb       0x33 stm32f10x_lib/libstm32.a(stm32f10x_rcc.o)
 .ARM.attributes
                0x00000000000001fe       0x33 stm32f10x_lib/libstm32.a(stm32f10x_systick.o)
 .ARM.attributes
                0x0000000000000231       0x33 stm32f10x_lib/libstm32.a(stm32f10x_usart.o)
 .ARM.attributes
                0x0000000000000264       0x21 stm32f10x_lib/libstm32.a(cortexm3_macro.o)
 .ARM.attributes
                0x0000000000000285       0x33 stm32f10x_lib/libstm32.a(stm32f10x_vector.o)

.debug
 *(.debug)

.line
 *(.line)

.debug_srcinfo
 *(.debug_srcinfo)

.debug_sfnames
 *(.debug_sfnames)

.debug_aranges  0x0000000000000000      0x1c8
 *(.debug_aranges)
 .debug_aranges
                0x0000000000000000       0x28 APP/src/main.o
 .debug_aranges
                0x0000000000000028       0x20 APP/src/stm32f10x_it.o
 .debug_aranges
                0x0000000000000048       0x20 APP/src/sys_init.o
 .debug_aranges
                0x0000000000000068       0x20 APP/src/PC_Com.o
 .debug_aranges
                0x0000000000000088       0x20 APP/src/DXL.o
 .debug_aranges
                0x00000000000000a8       0x20 stm32f10x_lib/libstm32.a(stm32f10x_flash.o)
 .debug_aranges
                0x00000000000000c8       0x20 stm32f10x_lib/libstm32.a(stm32f10x_gpio.o)
 .debug_aranges
                0x00000000000000e8       0x20 stm32f10x_lib/libstm32.a(stm32f10x_nvic.o)
 .debug_aranges
                0x0000000000000108       0x20 stm32f10x_lib/libstm32.a(stm32f10x_pwr.o)
 .debug_aranges
                0x0000000000000128       0x20 stm32f10x_lib/libstm32.a(stm32f10x_rcc.o)
 .debug_aranges
                0x0000000000000148       0x20 stm32f10x_lib/libstm32.a(stm32f10x_systick.o)
 .debug_aranges
                0x0000000000000168       0x20 stm32f10x_lib/libstm32.a(stm32f10x_usart.o)
 .debug_aranges
                0x0000000000000188       0x20 stm32f10x_lib/libstm32.a(cortexm3_macro.o)
 .debug_aranges
                0x00000000000001a8       0x20 stm32f10x_lib/libstm32.a(stm32f10x_vector.o)

.debug_pubnames
 *(.debug_pubnames)

.debug_info     0x0000000000000000     0x500e
 *(.debug_info .gnu.linkonce.wi.*)
 .debug_info    0x0000000000000000      0x498 APP/src/main.o
 .debug_info    0x0000000000000498      0x56a APP/src/stm32f10x_it.o
 .debug_info    0x0000000000000a02      0x721 APP/src/sys_init.o
 .debug_info    0x0000000000001123      0x596 APP/src/PC_Com.o
 .debug_info    0x00000000000016b9      0x6dc APP/src/DXL.o
 .debug_info    0x0000000000001d95      0x8b7 stm32f10x_lib/libstm32.a(stm32f10x_flash.o)
 .debug_info    0x000000000000264c      0x747 stm32f10x_lib/libstm32.a(stm32f10x_gpio.o)
 .debug_info    0x0000000000002d93      0x966 stm32f10x_lib/libstm32.a(stm32f10x_nvic.o)
 .debug_info    0x00000000000036f9      0x2c6 stm32f10x_lib/libstm32.a(stm32f10x_pwr.o)
 .debug_info    0x00000000000039bf      0x871 stm32f10x_lib/libstm32.a(stm32f10x_rcc.o)
 .debug_info    0x0000000000004230      0x20b stm32f10x_lib/libstm32.a(stm32f10x_systick.o)
 .debug_info    0x000000000000443b      0xa2a stm32f10x_lib/libstm32.a(stm32f10x_usart.o)
 .debug_info    0x0000000000004e65       0x92 stm32f10x_lib/libstm32.a(cortexm3_macro.o)
 .debug_info    0x0000000000004ef7      0x117 stm32f10x_lib/libstm32.a(stm32f10x_vector.o)

.debug_abbrev   0x0000000000000000     0x15c7
 *(.debug_abbrev)
 .debug_abbrev  0x0000000000000000      0x138 APP/src/main.o
 .debug_abbrev  0x0000000000000138       0xc5 APP/src/stm32f10x_it.o
 .debug_abbrev  0x00000000000001fd      0x1cb APP/src/sys_init.o
 .debug_abbrev  0x00000000000003c8      0x205 APP/src/PC_Com.o
 .debug_abbrev  0x00000000000005cd      0x1c1 APP/src/DXL.o
 .debug_abbrev  0x000000000000078e      0x255 stm32f10x_lib/libstm32.a(stm32f10x_flash.o)
 .debug_abbrev  0x00000000000009e3      0x1e8 stm32f10x_lib/libstm32.a(stm32f10x_gpio.o)
 .debug_abbrev  0x0000000000000bcb      0x26d stm32f10x_lib/libstm32.a(stm32f10x_nvic.o)
 .debug_abbrev  0x0000000000000e38      0x174 stm32f10x_lib/libstm32.a(stm32f10x_pwr.o)
 .debug_abbrev  0x0000000000000fac      0x227 stm32f10x_lib/libstm32.a(stm32f10x_rcc.o)
 .debug_abbrev  0x00000000000011d3      0x128 stm32f10x_lib/libstm32.a(stm32f10x_systick.o)
 .debug_abbrev  0x00000000000012fb      0x1ed stm32f10x_lib/libstm32.a(stm32f10x_usart.o)
 .debug_abbrev  0x00000000000014e8       0x14 stm32f10x_lib/libstm32.a(cortexm3_macro.o)
 .debug_abbrev  0x00000000000014fc       0xcb stm32f10x_lib/libstm32.a(stm32f10x_vector.o)

.debug_line     0x0000000000000000     0x1143
 *(.debug_line)
 .debug_line    0x0000000000000000       0xf4 APP/src/main.o
 .debug_line    0x00000000000000f4      0x125 APP/src/stm32f10x_it.o
 .debug_line    0x0000000000000219      0x154 APP/src/sys_init.o
 .debug_line    0x000000000000036d      0x102 APP/src/PC_Com.o
 .debug_line    0x000000000000046f      0x159 APP/src/DXL.o
 .debug_line    0x00000000000005c8      0x207 stm32f10x_lib/libstm32.a(stm32f10x_flash.o)
 .debug_line    0x00000000000007cf      0x184 stm32f10x_lib/libstm32.a(stm32f10x_gpio.o)
 .debug_line    0x0000000000000953      0x1b9 stm32f10x_lib/libstm32.a(stm32f10x_nvic.o)
 .debug_line    0x0000000000000b0c       0xeb stm32f10x_lib/libstm32.a(stm32f10x_pwr.o)
 .debug_line    0x0000000000000bf7      0x19b stm32f10x_lib/libstm32.a(stm32f10x_rcc.o)
 .debug_line    0x0000000000000d92       0xb5 stm32f10x_lib/libstm32.a(stm32f10x_systick.o)
 .debug_line    0x0000000000000e47      0x1ed stm32f10x_lib/libstm32.a(stm32f10x_usart.o)
 .debug_line    0x0000000000001034       0xa4 stm32f10x_lib/libstm32.a(cortexm3_macro.o)
 .debug_line    0x00000000000010d8       0x6b stm32f10x_lib/libstm32.a(stm32f10x_vector.o)

.debug_frame    0x0000000000000000     0x1118
 *(.debug_frame)
 .debug_frame   0x0000000000000000       0x38 APP/src/main.o
 .debug_frame   0x0000000000000038      0x460 APP/src/stm32f10x_it.o
 .debug_frame   0x0000000000000498       0x84 APP/src/sys_init.o
 .debug_frame   0x000000000000051c       0xa0 APP/src/PC_Com.o
 .debug_frame   0x00000000000005bc       0xac APP/src/DXL.o
 .debug_frame   0x0000000000000668      0x1f4 stm32f10x_lib/libstm32.a(stm32f10x_flash.o)
 .debug_frame   0x000000000000085c      0x160 stm32f10x_lib/libstm32.a(stm32f10x_gpio.o)
 .debug_frame   0x00000000000009bc      0x204 stm32f10x_lib/libstm32.a(stm32f10x_nvic.o)
 .debug_frame   0x0000000000000bc0       0xa8 stm32f10x_lib/libstm32.a(stm32f10x_pwr.o)
 .debug_frame   0x0000000000000c68      0x224 stm32f10x_lib/libstm32.a(stm32f10x_rcc.o)
 .debug_frame   0x0000000000000e8c       0x70 stm32f10x_lib/libstm32.a(stm32f10x_systick.o)
 .debug_frame   0x0000000000000efc      0x1ec stm32f10x_lib/libstm32.a(stm32f10x_usart.o)
 .debug_frame   0x00000000000010e8       0x30 stm32f10x_lib/libstm32.a(stm32f10x_vector.o)

.debug_str      0x0000000000000000     0x1fc1
 *(.debug_str)
 .debug_str     0x0000000000000000      0x265 APP/src/main.o
                                        0x271 (size before relaxing)
 .debug_str     0x0000000000000265      0x53e APP/src/stm32f10x_it.o
                                        0x638 (size before relaxing)
 .debug_str     0x00000000000007a3      0x3ce APP/src/sys_init.o
                                        0x520 (size before relaxing)
 .debug_str     0x0000000000000b71      0x1b0 APP/src/PC_Com.o
                                        0x30e (size before relaxing)
 .debug_str     0x0000000000000d21       0x93 APP/src/DXL.o
                                        0x396 (size before relaxing)
 .debug_str     0x0000000000000db4      0x385 stm32f10x_lib/libstm32.a(stm32f10x_flash.o)
                                        0x4ef (size before relaxing)
 .debug_str     0x0000000000001139      0x1d8 stm32f10x_lib/libstm32.a(stm32f10x_gpio.o)
                                        0x464 (size before relaxing)
 .debug_str     0x0000000000001311      0x49a stm32f10x_lib/libstm32.a(stm32f10x_nvic.o)
                                        0x6be (size before relaxing)
 .debug_str     0x00000000000017ab      0x104 stm32f10x_lib/libstm32.a(stm32f10x_pwr.o)
                                        0x255 (size before relaxing)
 .debug_str     0x00000000000018af      0x30f stm32f10x_lib/libstm32.a(stm32f10x_rcc.o)
                                        0x594 (size before relaxing)
 .debug_str     0x0000000000001bbe       0xb6 stm32f10x_lib/libstm32.a(stm32f10x_systick.o)
                                        0x239 (size before relaxing)
 .debug_str     0x0000000000001c74      0x2d4 stm32f10x_lib/libstm32.a(stm32f10x_usart.o)
                                        0x62f (size before relaxing)
 .debug_str     0x0000000000001f48       0x79 stm32f10x_lib/libstm32.a(stm32f10x_vector.o)
                                        0x16c (size before relaxing)

.debug_loc      0x0000000000000000     0x2bc9
 *(.debug_loc)
 .debug_loc     0x0000000000000000       0x34 APP/src/sys_init.o
 .debug_loc     0x0000000000000034      0x1aa APP/src/PC_Com.o
 .debug_loc     0x00000000000001de      0x2a7 APP/src/DXL.o
 .debug_loc     0x0000000000000485      0x6ad stm32f10x_lib/libstm32.a(stm32f10x_flash.o)
 .debug_loc     0x0000000000000b32      0x546 stm32f10x_lib/libstm32.a(stm32f10x_gpio.o)
 .debug_loc     0x0000000000001078      0x9b8 stm32f10x_lib/libstm32.a(stm32f10x_nvic.o)
 .debug_loc     0x0000000000001a30      0x156 stm32f10x_lib/libstm32.a(stm32f10x_pwr.o)
 .debug_loc     0x0000000000001b86      0x67a stm32f10x_lib/libstm32.a(stm32f10x_rcc.o)
 .debug_loc     0x0000000000002200       0xbe stm32f10x_lib/libstm32.a(stm32f10x_systick.o)
 .debug_loc     0x00000000000022be      0x88a stm32f10x_lib/libstm32.a(stm32f10x_usart.o)
 .debug_loc     0x0000000000002b48       0x81 stm32f10x_lib/libstm32.a(stm32f10x_vector.o)

.debug_macinfo
 *(.debug_macinfo)

.debug_weaknames
 *(.debug_weaknames)

.debug_funcnames
 *(.debug_funcnames)

.debug_typenames
 *(.debug_typenames)

.debug_varnames
 *(.debug_varnames)
OUTPUT(CM530.elf elf32-littlearm)

.debug_ranges   0x0000000000000000       0x30
 .debug_ranges  0x0000000000000000       0x18 APP/src/main.o
 .debug_ranges  0x0000000000000018       0x18 stm32f10x_lib/libstm32.a(stm32f10x_flash.o)

Cross Reference Table

Symbol                                            File
ADC1_2_IRQHandler                                 APP/src/stm32f10x_it.o
                                                  stm32f10x_lib/libstm32.a(stm32f10x_vector.o)
ADC3_IRQHandler                                   APP/src/stm32f10x_it.o
                                                  stm32f10x_lib/libstm32.a(stm32f10x_vector.o)
Baudrate_DXL                                      APP/src/main.o
Baudrate_PC                                       APP/src/main.o
BusFaultException                                 APP/src/stm32f10x_it.o
                                                  stm32f10x_lib/libstm32.a(stm32f10x_vector.o)
CAN_RX1_IRQHandler                                APP/src/stm32f10x_it.o
                                                  stm32f10x_lib/libstm32.a(stm32f10x_vector.o)
CAN_SCE_IRQHandler                                APP/src/stm32f10x_it.o
                                                  stm32f10x_lib/libstm32.a(stm32f10x_vector.o)
CommStatus                                        APP/src/main.o
DMA1_Channel1_IRQHandler                          APP/src/stm32f10x_it.o
DMA1_Channel2_IRQHandler                          APP/src/stm32f10x_it.o
DMA1_Channel3_IRQHandler                          APP/src/stm32f10x_it.o
DMA1_Channel4_IRQHandler                          APP/src/stm32f10x_it.o
DMA1_Channel5_IRQHandler                          APP/src/stm32f10x_it.o
DMA1_Channel6_IRQHandler                          APP/src/stm32f10x_it.o
DMA1_Channel7_IRQHandler                          APP/src/stm32f10x_it.o
DMA2_Channel1_IRQHandler                          APP/src/stm32f10x_it.o
                                                  stm32f10x_lib/libstm32.a(stm32f10x_vector.o)
DMA2_Channel2_IRQHandler                          APP/src/stm32f10x_it.o
                                                  stm32f10x_lib/libstm32.a(stm32f10x_vector.o)
DMA2_Channel3_IRQHandler                          APP/src/stm32f10x_it.o
                                                  stm32f10x_lib/libstm32.a(stm32f10x_vector.o)
DMA2_Channel4_5_IRQHandler                        APP/src/stm32f10x_it.o
                                                  stm32f10x_lib/libstm32.a(stm32f10x_vector.o)
DXL_RX_buff_index                                 APP/src/DXL.o
DXL_RX_com_buf                                    APP/src/DXL.o
                                                  APP/src/main.o
DXL_RX_interrupt                                  APP/src/DXL.o
                                                  APP/src/stm32f10x_it.o
DXL_TX                                            APP/src/DXL.o
DXL_TX_buff_index                                 APP/src/DXL.o
DXL_TX_com_buf                                    APP/src/DXL.o
DXL_init                                          APP/src/DXL.o
                                                  APP/src/main.o
DXL_read_byte                                     APP/src/DXL.o
                                                  APP/src/main.o
DXL_send_word                                     APP/src/DXL.o
                                                  APP/src/main.o
DebugMonitor                                      APP/src/stm32f10x_it.o
                                                  stm32f10x_lib/libstm32.a(stm32f10x_vector.o)
EXTI0_IRQHandler                                  APP/src/stm32f10x_it.o
                                                  stm32f10x_lib/libstm32.a(stm32f10x_vector.o)
EXTI15_10_IRQHandler                              APP/src/stm32f10x_it.o
                                                  stm32f10x_lib/libstm32.a(stm32f10x_vector.o)
EXTI1_IRQHandler                                  APP/src/stm32f10x_it.o
                                                  stm32f10x_lib/libstm32.a(stm32f10x_vector.o)
EXTI2_IRQHandler                                  APP/src/stm32f10x_it.o
                                                  stm32f10x_lib/libstm32.a(stm32f10x_vector.o)
EXTI3_IRQHandler                                  APP/src/stm32f10x_it.o
                                                  stm32f10x_lib/libstm32.a(stm32f10x_vector.o)
EXTI4_IRQHandler                                  APP/src/stm32f10x_it.o
                                                  stm32f10x_lib/libstm32.a(stm32f10x_vector.o)
EXTI9_5_IRQHandler                                APP/src/stm32f10x_it.o
                                                  stm32f10x_lib/libstm32.a(stm32f10x_vector.o)
FLASH_ClearFlag                                   stm32f10x_lib/libstm32.a(stm32f10x_flash.o)
FLASH_EnableWriteProtection                       stm32f10x_lib/libstm32.a(stm32f10x_flash.o)
FLASH_EraseAllPages                               stm32f10x_lib/libstm32.a(stm32f10x_flash.o)
FLASH_EraseOptionBytes                            stm32f10x_lib/libstm32.a(stm32f10x_flash.o)
FLASH_ErasePage                                   stm32f10x_lib/libstm32.a(stm32f10x_flash.o)
FLASH_GetFlagStatus                               stm32f10x_lib/libstm32.a(stm32f10x_flash.o)
FLASH_GetPrefetchBufferStatus                     stm32f10x_lib/libstm32.a(stm32f10x_flash.o)
FLASH_GetReadOutProtectionStatus                  stm32f10x_lib/libstm32.a(stm32f10x_flash.o)
FLASH_GetStatus                                   stm32f10x_lib/libstm32.a(stm32f10x_flash.o)
FLASH_GetUserOptionByte                           stm32f10x_lib/libstm32.a(stm32f10x_flash.o)
FLASH_GetWriteProtectionOptionByte                stm32f10x_lib/libstm32.a(stm32f10x_flash.o)
FLASH_HalfCycleAccessCmd                          stm32f10x_lib/libstm32.a(stm32f10x_flash.o)
FLASH_IRQHandler                                  APP/src/stm32f10x_it.o
                                                  stm32f10x_lib/libstm32.a(stm32f10x_vector.o)
FLASH_ITConfig                                    stm32f10x_lib/libstm32.a(stm32f10x_flash.o)
FLASH_Lock                                        stm32f10x_lib/libstm32.a(stm32f10x_flash.o)
FLASH_PrefetchBufferCmd                           stm32f10x_lib/libstm32.a(stm32f10x_flash.o)
                                                  APP/src/sys_init.o
FLASH_ProgramHalfWord                             stm32f10x_lib/libstm32.a(stm32f10x_flash.o)
FLASH_ProgramOptionByteData                       stm32f10x_lib/libstm32.a(stm32f10x_flash.o)
FLASH_ProgramWord                                 stm32f10x_lib/libstm32.a(stm32f10x_flash.o)
FLASH_ReadOutProtection                           stm32f10x_lib/libstm32.a(stm32f10x_flash.o)
FLASH_SetLatency                                  stm32f10x_lib/libstm32.a(stm32f10x_flash.o)
                                                  APP/src/sys_init.o
FLASH_Unlock                                      stm32f10x_lib/libstm32.a(stm32f10x_flash.o)
FLASH_UserOptionByteConfig                        stm32f10x_lib/libstm32.a(stm32f10x_flash.o)
FLASH_WaitForLastOperation                        stm32f10x_lib/libstm32.a(stm32f10x_flash.o)
FSMC_IRQHandler                                   APP/src/stm32f10x_it.o
                                                  stm32f10x_lib/libstm32.a(stm32f10x_vector.o)
GPIO_AFIODeInit                                   stm32f10x_lib/libstm32.a(stm32f10x_gpio.o)
GPIO_Configuration                                APP/src/sys_init.o
                                                  APP/src/main.o
GPIO_DeInit                                       stm32f10x_lib/libstm32.a(stm32f10x_gpio.o)
GPIO_EXTILineConfig                               stm32f10x_lib/libstm32.a(stm32f10x_gpio.o)
GPIO_EventOutputCmd                               stm32f10x_lib/libstm32.a(stm32f10x_gpio.o)
GPIO_EventOutputConfig                            stm32f10x_lib/libstm32.a(stm32f10x_gpio.o)
GPIO_Init                                         stm32f10x_lib/libstm32.a(stm32f10x_gpio.o)
                                                  APP/src/sys_init.o
GPIO_PinLockConfig                                stm32f10x_lib/libstm32.a(stm32f10x_gpio.o)
GPIO_PinRemapConfig                               stm32f10x_lib/libstm32.a(stm32f10x_gpio.o)
                                                  APP/src/sys_init.o
GPIO_ReadInputData                                stm32f10x_lib/libstm32.a(stm32f10x_gpio.o)
GPIO_ReadInputDataBit                             stm32f10x_lib/libstm32.a(stm32f10x_gpio.o)
GPIO_ReadOutputData                               stm32f10x_lib/libstm32.a(stm32f10x_gpio.o)
GPIO_ReadOutputDataBit                            stm32f10x_lib/libstm32.a(stm32f10x_gpio.o)
GPIO_ResetBits                                    stm32f10x_lib/libstm32.a(stm32f10x_gpio.o)
                                                  APP/src/DXL.o
                                                  APP/src/sys_init.o
GPIO_SetBits                                      stm32f10x_lib/libstm32.a(stm32f10x_gpio.o)
                                                  APP/src/DXL.o
                                                  APP/src/sys_init.o
GPIO_StructInit                                   stm32f10x_lib/libstm32.a(stm32f10x_gpio.o)
                                                  APP/src/sys_init.o
GPIO_Write                                        stm32f10x_lib/libstm32.a(stm32f10x_gpio.o)
GPIO_WriteBit                                     stm32f10x_lib/libstm32.a(stm32f10x_gpio.o)
GoalPos                                           APP/src/main.o
HardFaultException                                APP/src/stm32f10x_it.o
                                                  stm32f10x_lib/libstm32.a(stm32f10x_vector.o)
I2C1_ER_IRQHandler                                APP/src/stm32f10x_it.o
                                                  stm32f10x_lib/libstm32.a(stm32f10x_vector.o)
I2C1_EV_IRQHandler                                APP/src/stm32f10x_it.o
                                                  stm32f10x_lib/libstm32.a(stm32f10x_vector.o)
I2C2_ER_IRQHandler                                APP/src/stm32f10x_it.o
                                                  stm32f10x_lib/libstm32.a(stm32f10x_vector.o)
I2C2_EV_IRQHandler                                APP/src/stm32f10x_it.o
                                                  stm32f10x_lib/libstm32.a(stm32f10x_vector.o)
INDEX                                             APP/src/main.o
MemManageException                                APP/src/stm32f10x_it.o
                                                  stm32f10x_lib/libstm32.a(stm32f10x_vector.o)
NMIException                                      APP/src/stm32f10x_it.o
                                                  stm32f10x_lib/libstm32.a(stm32f10x_vector.o)
NVIC_BASEPRICONFIG                                stm32f10x_lib/libstm32.a(stm32f10x_nvic.o)
NVIC_ClearIRQChannelPendingBit                    stm32f10x_lib/libstm32.a(stm32f10x_nvic.o)
NVIC_ClearSystemHandlerPendingBit                 stm32f10x_lib/libstm32.a(stm32f10x_nvic.o)
NVIC_Configuration                                APP/src/sys_init.o
                                                  APP/src/main.o
NVIC_DeInit                                       stm32f10x_lib/libstm32.a(stm32f10x_nvic.o)
NVIC_GenerateCoreReset                            stm32f10x_lib/libstm32.a(stm32f10x_nvic.o)
NVIC_GenerateSystemReset                          stm32f10x_lib/libstm32.a(stm32f10x_nvic.o)
NVIC_GetBASEPRI                                   stm32f10x_lib/libstm32.a(stm32f10x_nvic.o)
NVIC_GetCPUID                                     stm32f10x_lib/libstm32.a(stm32f10x_nvic.o)
NVIC_GetCurrentActiveHandler                      stm32f10x_lib/libstm32.a(stm32f10x_nvic.o)
NVIC_GetCurrentPendingIRQChannel                  stm32f10x_lib/libstm32.a(stm32f10x_nvic.o)
NVIC_GetFaultAddress                              stm32f10x_lib/libstm32.a(stm32f10x_nvic.o)
NVIC_GetFaultHandlerSources                       stm32f10x_lib/libstm32.a(stm32f10x_nvic.o)
NVIC_GetIRQChannelActiveBitStatus                 stm32f10x_lib/libstm32.a(stm32f10x_nvic.o)
NVIC_GetIRQChannelPendingBitStatus                stm32f10x_lib/libstm32.a(stm32f10x_nvic.o)
NVIC_GetSystemHandlerActiveBitStatus              stm32f10x_lib/libstm32.a(stm32f10x_nvic.o)
NVIC_GetSystemHandlerPendingBitStatus             stm32f10x_lib/libstm32.a(stm32f10x_nvic.o)
NVIC_Init                                         stm32f10x_lib/libstm32.a(stm32f10x_nvic.o)
                                                  APP/src/sys_init.o
NVIC_PriorityGroupConfig                          stm32f10x_lib/libstm32.a(stm32f10x_nvic.o)
                                                  APP/src/sys_init.o
NVIC_RESETFAULTMASK                               stm32f10x_lib/libstm32.a(stm32f10x_nvic.o)
NVIC_RESETPRIMASK                                 stm32f10x_lib/libstm32.a(stm32f10x_nvic.o)
NVIC_SCBDeInit                                    stm32f10x_lib/libstm32.a(stm32f10x_nvic.o)
NVIC_SETFAULTMASK                                 stm32f10x_lib/libstm32.a(stm32f10x_nvic.o)
NVIC_SETPRIMASK                                   stm32f10x_lib/libstm32.a(stm32f10x_nvic.o)
NVIC_SetIRQChannelPendingBit                      stm32f10x_lib/libstm32.a(stm32f10x_nvic.o)
NVIC_SetSystemHandlerPendingBit                   stm32f10x_lib/libstm32.a(stm32f10x_nvic.o)
NVIC_SetVectorTable                               stm32f10x_lib/libstm32.a(stm32f10x_nvic.o)
                                                  APP/src/sys_init.o
NVIC_StructInit                                   stm32f10x_lib/libstm32.a(stm32f10x_nvic.o)
NVIC_SystemHandlerConfig                          stm32f10x_lib/libstm32.a(stm32f10x_nvic.o)
NVIC_SystemHandlerPriorityConfig                  stm32f10x_lib/libstm32.a(stm32f10x_nvic.o)
NVIC_SystemLPConfig                               stm32f10x_lib/libstm32.a(stm32f10x_nvic.o)
PVD_IRQHandler                                    APP/src/stm32f10x_it.o
                                                  stm32f10x_lib/libstm32.a(stm32f10x_vector.o)
PWR_BackupAccessCmd                               stm32f10x_lib/libstm32.a(stm32f10x_pwr.o)
                                                  APP/src/sys_init.o
PWR_ClearFlag                                     stm32f10x_lib/libstm32.a(stm32f10x_pwr.o)
PWR_DeInit                                        stm32f10x_lib/libstm32.a(stm32f10x_pwr.o)
PWR_EnterSTANDBYMode                              stm32f10x_lib/libstm32.a(stm32f10x_pwr.o)
PWR_EnterSTOPMode                                 stm32f10x_lib/libstm32.a(stm32f10x_pwr.o)
PWR_GetFlagStatus                                 stm32f10x_lib/libstm32.a(stm32f10x_pwr.o)
PWR_PVDCmd                                        stm32f10x_lib/libstm32.a(stm32f10x_pwr.o)
PWR_PVDLevelConfig                                stm32f10x_lib/libstm32.a(stm32f10x_pwr.o)
PWR_WakeUpPinCmd                                  stm32f10x_lib/libstm32.a(stm32f10x_pwr.o)
PendSVC                                           APP/src/stm32f10x_it.o
                                                  stm32f10x_lib/libstm32.a(stm32f10x_vector.o)
Position                                          APP/src/main.o
RCC_ADCCLKConfig                                  stm32f10x_lib/libstm32.a(stm32f10x_rcc.o)
RCC_AHBPeriphClockCmd                             stm32f10x_lib/libstm32.a(stm32f10x_rcc.o)
RCC_APB1PeriphClockCmd                            stm32f10x_lib/libstm32.a(stm32f10x_rcc.o)
                                                  APP/src/sys_init.o
RCC_APB1PeriphResetCmd                            stm32f10x_lib/libstm32.a(stm32f10x_rcc.o)
                                                  stm32f10x_lib/libstm32.a(stm32f10x_usart.o)
                                                  stm32f10x_lib/libstm32.a(stm32f10x_pwr.o)
RCC_APB2PeriphClockCmd                            stm32f10x_lib/libstm32.a(stm32f10x_rcc.o)
                                                  APP/src/sys_init.o
RCC_APB2PeriphResetCmd                            stm32f10x_lib/libstm32.a(stm32f10x_rcc.o)
                                                  stm32f10x_lib/libstm32.a(stm32f10x_usart.o)
                                                  stm32f10x_lib/libstm32.a(stm32f10x_gpio.o)
RCC_AdjustHSICalibrationValue                     stm32f10x_lib/libstm32.a(stm32f10x_rcc.o)
RCC_BackupResetCmd                                stm32f10x_lib/libstm32.a(stm32f10x_rcc.o)
RCC_ClearFlag                                     stm32f10x_lib/libstm32.a(stm32f10x_rcc.o)
RCC_ClearITPendingBit                             stm32f10x_lib/libstm32.a(stm32f10x_rcc.o)
RCC_ClockSecuritySystemCmd                        stm32f10x_lib/libstm32.a(stm32f10x_rcc.o)
RCC_Configuration                                 APP/src/sys_init.o
                                                  APP/src/main.o
RCC_DeInit                                        stm32f10x_lib/libstm32.a(stm32f10x_rcc.o)
                                                  APP/src/sys_init.o
RCC_GetClocksFreq                                 stm32f10x_lib/libstm32.a(stm32f10x_rcc.o)
                                                  stm32f10x_lib/libstm32.a(stm32f10x_usart.o)
RCC_GetFlagStatus                                 stm32f10x_lib/libstm32.a(stm32f10x_rcc.o)
                                                  APP/src/sys_init.o
RCC_GetITStatus                                   stm32f10x_lib/libstm32.a(stm32f10x_rcc.o)
RCC_GetSYSCLKSource                               stm32f10x_lib/libstm32.a(stm32f10x_rcc.o)
                                                  APP/src/sys_init.o
RCC_HCLKConfig                                    stm32f10x_lib/libstm32.a(stm32f10x_rcc.o)
                                                  APP/src/sys_init.o
RCC_HSEConfig                                     stm32f10x_lib/libstm32.a(stm32f10x_rcc.o)
                                                  APP/src/sys_init.o
RCC_HSICmd                                        stm32f10x_lib/libstm32.a(stm32f10x_rcc.o)
RCC_IRQHandler                                    APP/src/stm32f10x_it.o
                                                  stm32f10x_lib/libstm32.a(stm32f10x_vector.o)
RCC_ITConfig                                      stm32f10x_lib/libstm32.a(stm32f10x_rcc.o)
RCC_LSEConfig                                     stm32f10x_lib/libstm32.a(stm32f10x_rcc.o)
RCC_LSICmd                                        stm32f10x_lib/libstm32.a(stm32f10x_rcc.o)
RCC_MCOConfig                                     stm32f10x_lib/libstm32.a(stm32f10x_rcc.o)
RCC_PCLK1Config                                   stm32f10x_lib/libstm32.a(stm32f10x_rcc.o)
                                                  APP/src/sys_init.o
RCC_PCLK2Config                                   stm32f10x_lib/libstm32.a(stm32f10x_rcc.o)
                                                  APP/src/sys_init.o
RCC_PLLCmd                                        stm32f10x_lib/libstm32.a(stm32f10x_rcc.o)
                                                  APP/src/sys_init.o
RCC_PLLConfig                                     stm32f10x_lib/libstm32.a(stm32f10x_rcc.o)
                                                  APP/src/sys_init.o
RCC_RTCCLKCmd                                     stm32f10x_lib/libstm32.a(stm32f10x_rcc.o)
RCC_RTCCLKConfig                                  stm32f10x_lib/libstm32.a(stm32f10x_rcc.o)
RCC_SYSCLKConfig                                  stm32f10x_lib/libstm32.a(stm32f10x_rcc.o)
                                                  APP/src/sys_init.o
RCC_USBCLKConfig                                  stm32f10x_lib/libstm32.a(stm32f10x_rcc.o)
RCC_WaitForHSEStartUp                             stm32f10x_lib/libstm32.a(stm32f10x_rcc.o)
                                                  APP/src/sys_init.o
RTCAlarm_IRQHandler                               APP/src/stm32f10x_it.o
                                                  stm32f10x_lib/libstm32.a(stm32f10x_vector.o)
RTC_IRQHandler                                    APP/src/stm32f10x_it.o
                                                  stm32f10x_lib/libstm32.a(stm32f10x_vector.o)
Reset_Handler                                     stm32f10x_lib/libstm32.a(stm32f10x_vector.o)
SDIO_IRQHandler                                   APP/src/stm32f10x_it.o
                                                  stm32f10x_lib/libstm32.a(stm32f10x_vector.o)
SPI1_IRQHandler                                   APP/src/stm32f10x_it.o
                                                  stm32f10x_lib/libstm32.a(stm32f10x_vector.o)
SPI2_IRQHandler                                   APP/src/stm32f10x_it.o
                                                  stm32f10x_lib/libstm32.a(stm32f10x_vector.o)
SPI3_IRQHandler                                   APP/src/stm32f10x_it.o
                                                  stm32f10x_lib/libstm32.a(stm32f10x_vector.o)
SVCHandler                                        APP/src/stm32f10x_it.o
                                                  stm32f10x_lib/libstm32.a(stm32f10x_vector.o)
SysTickHandler                                    APP/src/stm32f10x_it.o
                                                  stm32f10x_lib/libstm32.a(stm32f10x_vector.o)
SysTick_CLKSourceConfig                           stm32f10x_lib/libstm32.a(stm32f10x_systick.o)
SysTick_Configuration                             APP/src/sys_init.o
                                                  APP/src/main.o
SysTick_CounterCmd                                stm32f10x_lib/libstm32.a(stm32f10x_systick.o)
                                                  APP/src/PC_Com.o
SysTick_GetCounter                                stm32f10x_lib/libstm32.a(stm32f10x_systick.o)
SysTick_GetFlagStatus                             stm32f10x_lib/libstm32.a(stm32f10x_systick.o)
SysTick_ITConfig                                  stm32f10x_lib/libstm32.a(stm32f10x_systick.o)
                                                  APP/src/sys_init.o
SysTick_SetReload                                 stm32f10x_lib/libstm32.a(stm32f10x_systick.o)
                                                  APP/src/sys_init.o
TAMPER_IRQHandler                                 APP/src/stm32f10x_it.o
                                                  stm32f10x_lib/libstm32.a(stm32f10x_vector.o)
TIM1_BRK_IRQHandler                               APP/src/stm32f10x_it.o
                                                  stm32f10x_lib/libstm32.a(stm32f10x_vector.o)
TIM1_CC_IRQHandler                                APP/src/stm32f10x_it.o
                                                  stm32f10x_lib/libstm32.a(stm32f10x_vector.o)
TIM1_TRG_COM_IRQHandler                           APP/src/stm32f10x_it.o
                                                  stm32f10x_lib/libstm32.a(stm32f10x_vector.o)
TIM1_UP_IRQHandler                                APP/src/stm32f10x_it.o
                                                  stm32f10x_lib/libstm32.a(stm32f10x_vector.o)
TIM2_IRQHandler                                   APP/src/stm32f10x_it.o
                                                  stm32f10x_lib/libstm32.a(stm32f10x_vector.o)
TIM3_IRQHandler                                   APP/src/stm32f10x_it.o
                                                  stm32f10x_lib/libstm32.a(stm32f10x_vector.o)
TIM4_IRQHandler                                   APP/src/stm32f10x_it.o
                                                  stm32f10x_lib/libstm32.a(stm32f10x_vector.o)
TIM5_IRQHandler                                   APP/src/stm32f10x_it.o
                                                  stm32f10x_lib/libstm32.a(stm32f10x_vector.o)
TIM6_IRQHandler                                   APP/src/stm32f10x_it.o
                                                  stm32f10x_lib/libstm32.a(stm32f10x_vector.o)
TIM7_IRQHandler                                   APP/src/stm32f10x_it.o
                                                  stm32f10x_lib/libstm32.a(stm32f10x_vector.o)
TIM8_BRK_IRQHandler                               APP/src/stm32f10x_it.o
                                                  stm32f10x_lib/libstm32.a(stm32f10x_vector.o)
TIM8_CC_IRQHandler                                APP/src/stm32f10x_it.o
                                                  stm32f10x_lib/libstm32.a(stm32f10x_vector.o)
TIM8_TRG_COM_IRQHandler                           APP/src/stm32f10x_it.o
                                                  stm32f10x_lib/libstm32.a(stm32f10x_vector.o)
TIM8_UP_IRQHandler                                APP/src/stm32f10x_it.o
                                                  stm32f10x_lib/libstm32.a(stm32f10x_vector.o)
TxArray                                           APP/src/PC_Com.o
                                                  APP/src/main.o
TxDByte_PC                                        APP/src/PC_Com.o
TxDString                                         APP/src/PC_Com.o
                                                  APP/src/main.o
UART4_IRQHandler                                  APP/src/stm32f10x_it.o
                                                  stm32f10x_lib/libstm32.a(stm32f10x_vector.o)
UART5_IRQHandler                                  APP/src/stm32f10x_it.o
                                                  stm32f10x_lib/libstm32.a(stm32f10x_vector.o)
USART1_IRQHandler                                 APP/src/stm32f10x_it.o
                                                  stm32f10x_lib/libstm32.a(stm32f10x_vector.o)
USART2_IRQHandler                                 APP/src/stm32f10x_it.o
                                                  stm32f10x_lib/libstm32.a(stm32f10x_vector.o)
USART3_IRQHandler                                 APP/src/stm32f10x_it.o
                                                  stm32f10x_lib/libstm32.a(stm32f10x_vector.o)
USARTConfiguration                                APP/src/DXL.o
USART_ClearFlag                                   stm32f10x_lib/libstm32.a(stm32f10x_usart.o)
USART_ClearITPendingBit                           stm32f10x_lib/libstm32.a(stm32f10x_usart.o)
USART_ClockInit                                   stm32f10x_lib/libstm32.a(stm32f10x_usart.o)
USART_ClockStructInit                             stm32f10x_lib/libstm32.a(stm32f10x_usart.o)
USART_Cmd                                         stm32f10x_lib/libstm32.a(stm32f10x_usart.o)
                                                  APP/src/DXL.o
                                                  APP/src/PC_Com.o
USART_Configuration                               APP/src/PC_Com.o
                                                  APP/src/main.o
USART_DMACmd                                      stm32f10x_lib/libstm32.a(stm32f10x_usart.o)
USART_DeInit                                      stm32f10x_lib/libstm32.a(stm32f10x_usart.o)
                                                  APP/src/DXL.o
                                                  APP/src/PC_Com.o
USART_GetFlagStatus                               stm32f10x_lib/libstm32.a(stm32f10x_usart.o)
                                                  APP/src/DXL.o
                                                  APP/src/PC_Com.o
USART_GetITStatus                                 stm32f10x_lib/libstm32.a(stm32f10x_usart.o)
                                                  APP/src/DXL.o
USART_HalfDuplexCmd                               stm32f10x_lib/libstm32.a(stm32f10x_usart.o)
USART_ITConfig                                    stm32f10x_lib/libstm32.a(stm32f10x_usart.o)
                                                  APP/src/DXL.o
                                                  APP/src/PC_Com.o
USART_Init                                        stm32f10x_lib/libstm32.a(stm32f10x_usart.o)
                                                  APP/src/DXL.o
                                                  APP/src/PC_Com.o
USART_IrDACmd                                     stm32f10x_lib/libstm32.a(stm32f10x_usart.o)
USART_IrDAConfig                                  stm32f10x_lib/libstm32.a(stm32f10x_usart.o)
USART_LINBreakDetectLengthConfig                  stm32f10x_lib/libstm32.a(stm32f10x_usart.o)
USART_LINCmd                                      stm32f10x_lib/libstm32.a(stm32f10x_usart.o)
USART_ReceiveData                                 stm32f10x_lib/libstm32.a(stm32f10x_usart.o)
                                                  APP/src/DXL.o
USART_ReceiverWakeUpCmd                           stm32f10x_lib/libstm32.a(stm32f10x_usart.o)
USART_SendBreak                                   stm32f10x_lib/libstm32.a(stm32f10x_usart.o)
USART_SendData                                    stm32f10x_lib/libstm32.a(stm32f10x_usart.o)
                                                  APP/src/DXL.o
                                                  APP/src/PC_Com.o
USART_SetAddress                                  stm32f10x_lib/libstm32.a(stm32f10x_usart.o)
USART_SetGuardTime                                stm32f10x_lib/libstm32.a(stm32f10x_usart.o)
USART_SetPrescaler                                stm32f10x_lib/libstm32.a(stm32f10x_usart.o)
USART_SmartCardCmd                                stm32f10x_lib/libstm32.a(stm32f10x_usart.o)
USART_SmartCardNACKCmd                            stm32f10x_lib/libstm32.a(stm32f10x_usart.o)
USART_StructInit                                  stm32f10x_lib/libstm32.a(stm32f10x_usart.o)
                                                  APP/src/DXL.o
                                                  APP/src/PC_Com.o
USART_WakeUpConfig                                stm32f10x_lib/libstm32.a(stm32f10x_usart.o)
USBWakeUp_IRQHandler                              APP/src/stm32f10x_it.o
                                                  stm32f10x_lib/libstm32.a(stm32f10x_vector.o)
USB_HP_CAN_TX_IRQHandler                          APP/src/stm32f10x_it.o
                                                  stm32f10x_lib/libstm32.a(stm32f10x_vector.o)
USB_LP_CAN_RX0_IRQHandler                         APP/src/stm32f10x_it.o
                                                  stm32f10x_lib/libstm32.a(stm32f10x_vector.o)
UsageFaultException                               APP/src/stm32f10x_it.o
                                                  stm32f10x_lib/libstm32.a(stm32f10x_vector.o)
Voltage                                           APP/src/main.o
WWDG_IRQHandler                                   APP/src/stm32f10x_it.o
                                                  stm32f10x_lib/libstm32.a(stm32f10x_vector.o)
_ITM_deregisterTMCloneTable                       /Users/MathGrelck/arm-cs-tools/lib/gcc/arm-none-eabi/4.8.3/crtbegin.o
_ITM_registerTMCloneTable                         /Users/MathGrelck/arm-cs-tools/lib/gcc/arm-none-eabi/4.8.3/crtbegin.o
_Jv_RegisterClasses                               /Users/MathGrelck/arm-cs-tools/lib/gcc/arm-none-eabi/4.8.3/crtbegin.o
__BASEPRICONFIG                                   stm32f10x_lib/libstm32.a(cortexm3_macro.o)
                                                  stm32f10x_lib/libstm32.a(stm32f10x_nvic.o)
__DMB                                             stm32f10x_lib/libstm32.a(cortexm3_macro.o)
__DSB                                             stm32f10x_lib/libstm32.a(cortexm3_macro.o)
__GetBASEPRI                                      stm32f10x_lib/libstm32.a(cortexm3_macro.o)
                                                  stm32f10x_lib/libstm32.a(stm32f10x_nvic.o)
__ISB                                             stm32f10x_lib/libstm32.a(cortexm3_macro.o)
__ISR_DELAY                                       APP/src/main.o
                                                  APP/src/stm32f10x_it.o
__MRS_CONTROL                                     stm32f10x_lib/libstm32.a(cortexm3_macro.o)
__MRS_MSP                                         stm32f10x_lib/libstm32.a(cortexm3_macro.o)
__MRS_PSP                                         stm32f10x_lib/libstm32.a(cortexm3_macro.o)
__MSR_CONTROL                                     stm32f10x_lib/libstm32.a(cortexm3_macro.o)
__MSR_MSP                                         stm32f10x_lib/libstm32.a(cortexm3_macro.o)
__MSR_PSP                                         stm32f10x_lib/libstm32.a(cortexm3_macro.o)
__RESETFAULTMASK                                  stm32f10x_lib/libstm32.a(cortexm3_macro.o)
                                                  stm32f10x_lib/libstm32.a(stm32f10x_nvic.o)
__RESETPRIMASK                                    stm32f10x_lib/libstm32.a(cortexm3_macro.o)
                                                  stm32f10x_lib/libstm32.a(stm32f10x_nvic.o)
__REV_HalfWord                                    stm32f10x_lib/libstm32.a(cortexm3_macro.o)
__REV_Word                                        stm32f10x_lib/libstm32.a(cortexm3_macro.o)
__SETFAULTMASK                                    stm32f10x_lib/libstm32.a(cortexm3_macro.o)
                                                  stm32f10x_lib/libstm32.a(stm32f10x_nvic.o)
__SETPRIMASK                                      stm32f10x_lib/libstm32.a(cortexm3_macro.o)
                                                  stm32f10x_lib/libstm32.a(stm32f10x_nvic.o)
__SEV                                             stm32f10x_lib/libstm32.a(cortexm3_macro.o)
__SVC                                             stm32f10x_lib/libstm32.a(cortexm3_macro.o)
__TMC_END__                                       /Users/MathGrelck/arm-cs-tools/lib/gcc/arm-none-eabi/4.8.3/crtend.o
                                                  /Users/MathGrelck/arm-cs-tools/lib/gcc/arm-none-eabi/4.8.3/crtbegin.o
__WFE                                             stm32f10x_lib/libstm32.a(cortexm3_macro.o)
                                                  stm32f10x_lib/libstm32.a(stm32f10x_pwr.o)
__WFI                                             stm32f10x_lib/libstm32.a(cortexm3_macro.o)
                                                  stm32f10x_lib/libstm32.a(stm32f10x_pwr.o)
__deregister_frame_info                           /Users/MathGrelck/arm-cs-tools/lib/gcc/arm-none-eabi/4.8.3/crtbegin.o
__dso_handle                                      /Users/MathGrelck/arm-cs-tools/lib/gcc/arm-none-eabi/4.8.3/crtbegin.o
__register_frame_info                             /Users/MathGrelck/arm-cs-tools/lib/gcc/arm-none-eabi/4.8.3/crtbegin.o
_ebss                                             stm32f10x_lib/libstm32.a(stm32f10x_vector.o)
_edata                                            stm32f10x_lib/libstm32.a(stm32f10x_vector.o)
_estack                                           stm32f10x_lib/libstm32.a(stm32f10x_vector.o)
_fini                                             /Users/MathGrelck/arm-cs-tools/lib/gcc/arm-none-eabi/4.8.3/crti.o
_init                                             /Users/MathGrelck/arm-cs-tools/lib/gcc/arm-none-eabi/4.8.3/crti.o
_sbss                                             stm32f10x_lib/libstm32.a(stm32f10x_vector.o)
_sdata                                            stm32f10x_lib/libstm32.a(stm32f10x_vector.o)
_sidata                                           stm32f10x_lib/libstm32.a(stm32f10x_vector.o)
bMoving                                           APP/src/main.o
capture                                           APP/src/main.o
g_pfnVectors                                      stm32f10x_lib/libstm32.a(stm32f10x_vector.o)
gbRxBufferReadPointer                             APP/src/main.o
gbRxBufferWritePointer                            APP/src/main.o
gbpRxInterruptBuffer                              APP/src/main.o
gw1msCounter                                      APP/src/PC_Com.o
gwTimingDelay                                     APP/src/PC_Com.o
                                                  APP/src/main.o
id                                                APP/src/main.o
mDelay                                            APP/src/PC_Com.o
                                                  APP/src/DXL.o
                                                  APP/src/main.o
main                                              APP/src/main.o
                                                  stm32f10x_lib/libstm32.a(stm32f10x_vector.o)
uDelay                                            APP/src/PC_Com.o
wPresentPos                                       APP/src/main.o
